C:\projects\003_animals_singtel_test\src\main\java\com\singtel\model\bird\Duck.java
C:\projects\003_animals_singtel_test\src\main\java\com\singtel\application\Solution.java
C:\projects\003_animals_singtel_test\src\main\java\com\singtel\factory\ParrotFactory.java
C:\projects\003_animals_singtel_test\src\main\java\com\singtel\model\bird\iFly.java
C:\projects\003_animals_singtel_test\src\main\java\com\singtel\model\bird\Rooster.java
C:\projects\003_animals_singtel_test\src\main\java\com\singtel\model\fish\Fish.java
C:\projects\003_animals_singtel_test\src\main\java\com\singtel\model\ParrotType.java
C:\projects\003_animals_singtel_test\src\main\java\com\singtel\model\Animal.java
C:\projects\003_animals_singtel_test\src\main\java\com\singtel\model\bird\Chicken.java
C:\projects\003_animals_singtel_test\src\main\java\com\singtel\model\bird\Parrot.java
C:\projects\003_animals_singtel_test\src\main\java\com\singtel\model\bird\Bird.java
C:\projects\003_animals_singtel_test\src\main\java\com\singtel\model\fish\iSwim.java
